2025-03-23 07:28:45,772 - WARNING - Not Found: /ws/notificaciones/
2025-03-23 07:28:53,421 - WARNING - Not Found: /ws/notificaciones/
2025-03-23 07:29:03,176 - WARNING - Not Found: /ws/notificaciones/
2025-03-23 07:29:11,067 - WARNING - Not Found: /ws/notificaciones/
2025-03-23 07:29:20,390 - WARNING - Not Found: /ws/notificaciones/
2025-03-23 07:29:29,332 - WARNING - Not Found: /ws/notificaciones/
2025-03-23 07:29:38,555 - WARNING - Not Found: /ws/notificaciones/
2025-03-23 07:29:45,930 - WARNING - Not Found: /ws/notificaciones/
2025-03-23 07:29:56,808 - WARNING - Not Found: /ws/notificaciones/
2025-03-23 07:30:05,309 - WARNING - Not Found: /ws/notificaciones/
2025-03-23 07:30:15,163 - WARNING - Not Found: /ws/notificaciones/
2025-03-23 07:30:24,245 - WARNING - Not Found: /ws/notificaciones/
2025-03-23 07:30:31,598 - WARNING - Not Found: /ws/notificaciones/
2025-03-23 07:30:41,612 - WARNING - Not Found: /ws/notificaciones/
2025-03-23 07:30:49,653 - WARNING - Not Found: /ws/notificaciones/
2025-03-23 07:30:57,543 - WARNING - Not Found: /ws/notificaciones/
2025-03-23 07:31:07,551 - WARNING - Not Found: /ws/notificaciones/
2025-03-23 07:31:15,722 - WARNING - Not Found: /ws/notificaciones/
2025-03-23 07:31:23,938 - WARNING - Not Found: /ws/notificaciones/
2025-03-23 07:31:31,650 - WARNING - Not Found: /ws/notificaciones/
2025-03-23 07:31:40,110 - WARNING - Not Found: /ws/notificaciones/
2025-03-23 07:31:47,930 - WARNING - Not Found: /ws/notificaciones/
2025-03-23 07:31:54,113 - WARNING - Not Found: /ws/notificaciones/
2025-03-23 07:32:01,004 - WARNING - Not Found: /ws/notificaciones/
2025-03-23 07:32:09,814 - WARNING - Not Found: /ws/notificaciones/
2025-03-23 07:32:20,579 - WARNING - Not Found: /ws/notificaciones/
2025-03-23 07:32:27,453 - WARNING - Not Found: /ws/notificaciones/
2025-03-23 07:32:37,138 - WARNING - Not Found: /ws/notificaciones/
2025-03-23 07:32:44,040 - WARNING - Not Found: /ws/notificaciones/
2025-03-23 07:32:53,445 - WARNING - Not Found: /ws/notificaciones/
2025-03-23 07:33:01,696 - WARNING - Not Found: /ws/notificaciones/
2025-03-23 07:33:10,414 - WARNING - Not Found: /ws/notificaciones/
2025-03-23 07:33:20,403 - WARNING - Not Found: /ws/notificaciones/
2025-03-23 07:33:28,190 - WARNING - Not Found: /ws/notificaciones/
2025-03-23 07:33:36,396 - WARNING - Not Found: /ws/notificaciones/
2025-03-23 07:33:44,788 - WARNING - Not Found: /ws/notificaciones/
2025-03-23 07:33:54,507 - WARNING - Not Found: /ws/notificaciones/
2025-03-23 07:34:00,861 - WARNING - Not Found: /ws/notificaciones/
2025-03-23 07:34:09,072 - WARNING - Not Found: /ws/notificaciones/
2025-03-23 07:34:17,324 - WARNING - Not Found: /ws/notificaciones/
2025-03-23 07:34:24,575 - WARNING - Not Found: /ws/notificaciones/
2025-03-23 07:34:30,849 - WARNING - Not Found: /ws/notificaciones/
2025-03-23 07:34:39,603 - WARNING - Not Found: /ws/notificaciones/
2025-03-23 07:34:47,378 - WARNING - Not Found: /ws/notificaciones/
2025-03-23 07:42:23,871 - WARNING - Not Found: /ws/notificaciones/
2025-03-23 07:42:29,824 - WARNING - Not Found: /ws/notificaciones/
2025-03-23 07:42:35,819 - WARNING - Not Found: /ws/notificaciones/
2025-03-23 07:42:41,821 - WARNING - Not Found: /ws/notificaciones/
2025-03-23 07:42:47,825 - WARNING - Not Found: /ws/notificaciones/
2025-03-23 07:42:53,833 - WARNING - Not Found: /ws/notificaciones/
2025-03-23 07:42:59,838 - WARNING - Not Found: /ws/notificaciones/
2025-03-23 07:43:05,862 - WARNING - Not Found: /ws/notificaciones/
2025-03-23 07:43:11,966 - WARNING - Not Found: /ws/notificaciones/
2025-03-23 07:43:18,123 - WARNING - Not Found: /ws/notificaciones/
2025-03-23 07:43:24,278 - WARNING - Not Found: /ws/notificaciones/
2025-03-23 07:43:30,584 - WARNING - Not Found: /ws/notificaciones/
2025-03-23 07:43:37,926 - WARNING - Not Found: /ws/notificaciones/
2025-03-23 07:43:43,293 - WARNING - Not Found: /ws/notificaciones/
2025-03-23 07:43:50,427 - WARNING - Not Found: /ws/notificaciones/
2025-03-23 07:43:57,285 - WARNING - Not Found: /ws/notificaciones/
2025-03-23 07:44:02,300 - WARNING - Not Found: /ws/notificaciones/
2025-03-23 07:44:07,315 - WARNING - Not Found: /ws/notificaciones/
2025-03-23 07:44:12,328 - WARNING - Not Found: /ws/notificaciones/
2025-03-23 07:44:17,343 - WARNING - Not Found: /ws/notificaciones/
2025-03-23 07:44:22,356 - WARNING - Not Found: /ws/notificaciones/
2025-03-23 07:44:27,371 - WARNING - Not Found: /ws/notificaciones/
2025-03-23 07:44:32,390 - WARNING - Not Found: /ws/notificaciones/
2025-03-23 07:44:37,412 - WARNING - Not Found: /ws/notificaciones/
2025-03-23 07:44:42,444 - WARNING - Not Found: /ws/notificaciones/
2025-03-23 07:44:47,485 - WARNING - Not Found: /ws/notificaciones/
2025-03-23 07:44:52,550 - WARNING - Not Found: /ws/notificaciones/
2025-03-23 07:44:57,624 - WARNING - Not Found: /ws/notificaciones/
2025-03-23 07:45:02,810 - WARNING - Not Found: /ws/notificaciones/
2025-03-23 07:45:08,439 - WARNING - Not Found: /ws/notificaciones/
2025-03-23 07:45:14,618 - WARNING - Not Found: /ws/notificaciones/
2025-03-23 07:45:20,729 - WARNING - Not Found: /ws/notificaciones/
2025-03-23 07:45:27,101 - WARNING - Not Found: /ws/notificaciones/
2025-03-23 07:45:33,954 - WARNING - Not Found: /ws/notificaciones/
2025-03-23 07:45:42,436 - WARNING - Not Found: /ws/notificaciones/
2025-03-23 07:45:49,891 - WARNING - Not Found: /ws/notificaciones/
2025-03-23 07:45:57,202 - WARNING - Not Found: /ws/notificaciones/
2025-03-23 07:46:05,432 - WARNING - Bad Request: /api/facturas/
2025-03-23 07:46:07,010 - WARNING - Not Found: /ws/notificaciones/
2025-03-23 07:46:15,433 - WARNING - Not Found: /ws/notificaciones/
2025-03-23 07:46:23,372 - WARNING - Not Found: /ws/notificaciones/
2025-03-23 07:46:32,131 - WARNING - Not Found: /ws/notificaciones/
2025-03-23 07:46:39,686 - WARNING - Not Found: /ws/notificaciones/
2025-03-23 07:46:45,869 - WARNING - Not Found: /ws/notificaciones/
2025-03-23 07:46:54,544 - WARNING - Not Found: /ws/notificaciones/
2025-03-23 07:47:01,790 - WARNING - Not Found: /ws/notificaciones/
2025-03-23 07:47:08,756 - WARNING - Not Found: /ws/notificaciones/
2025-03-23 07:47:15,260 - WARNING - Not Found: /ws/notificaciones/
2025-03-23 07:47:22,415 - WARNING - Not Found: /ws/notificaciones/
2025-03-23 07:47:31,905 - WARNING - Not Found: /ws/notificaciones/
2025-03-23 07:47:37,105 - WARNING - Bad Request: /api/facturas/
2025-03-23 07:47:40,904 - WARNING - Not Found: /ws/notificaciones/
2025-03-23 07:47:49,125 - WARNING - Not Found: /ws/notificaciones/
2025-03-23 07:47:58,603 - WARNING - Not Found: /ws/notificaciones/
2025-03-23 07:48:03,817 - WARNING - Not Found: /ws/notificaciones/
2025-03-23 07:48:09,817 - WARNING - Not Found: /ws/notificaciones/
2025-03-23 07:48:15,818 - WARNING - Not Found: /ws/notificaciones/
2025-03-23 07:48:21,817 - WARNING - Not Found: /ws/notificaciones/
2025-03-23 07:48:27,817 - WARNING - Not Found: /ws/notificaciones/
2025-03-23 07:48:33,821 - WARNING - Not Found: /ws/notificaciones/
2025-03-23 07:48:39,824 - WARNING - Not Found: /ws/notificaciones/
2025-03-23 07:48:45,821 - WARNING - Not Found: /ws/notificaciones/
2025-03-23 07:48:51,831 - WARNING - Not Found: /ws/notificaciones/
2025-03-23 07:48:57,834 - WARNING - Not Found: /ws/notificaciones/
2025-03-23 07:49:03,854 - WARNING - Not Found: /ws/notificaciones/
2025-03-23 07:49:09,875 - WARNING - Not Found: /ws/notificaciones/
2025-03-23 07:49:15,907 - WARNING - Not Found: /ws/notificaciones/
2025-03-23 07:49:22,285 - WARNING - Not Found: /ws/notificaciones/
2025-03-23 07:49:28,317 - WARNING - Not Found: /ws/notificaciones/
2025-03-23 07:49:36,291 - WARNING - Not Found: /ws/notificaciones/
2025-03-23 07:49:45,957 - WARNING - Not Found: /ws/notificaciones/
2025-03-23 07:49:54,951 - WARNING - Not Found: /ws/notificaciones/
2025-03-23 07:50:04,642 - WARNING - Not Found: /ws/notificaciones/
2025-03-23 07:50:12,945 - WARNING - Not Found: /ws/notificaciones/
2025-03-23 07:50:19,287 - WARNING - Not Found: /ws/notificaciones/
2025-03-23 07:50:28,462 - WARNING - Not Found: /ws/notificaciones/
2025-03-23 07:50:36,664 - WARNING - Not Found: /ws/notificaciones/
2025-03-23 07:50:44,757 - WARNING - Not Found: /ws/notificaciones/
2025-03-23 07:50:51,884 - WARNING - Not Found: /ws/notificaciones/
2025-03-23 07:51:00,055 - WARNING - Not Found: /ws/notificaciones/
2025-03-23 07:51:08,698 - WARNING - Not Found: /ws/notificaciones/
2025-03-23 07:51:15,149 - WARNING - Not Found: /ws/notificaciones/
2025-03-23 07:51:22,016 - WARNING - Not Found: /ws/notificaciones/
2025-03-23 07:51:30,739 - WARNING - Not Found: /ws/notificaciones/
2025-03-23 07:51:39,544 - WARNING - Not Found: /ws/notificaciones/
2025-03-23 07:51:45,714 - WARNING - Not Found: /ws/notificaciones/
2025-03-23 07:51:55,135 - WARNING - Not Found: /ws/notificaciones/
2025-03-23 07:52:04,646 - WARNING - Not Found: /ws/notificaciones/
2025-03-23 07:52:11,917 - WARNING - Not Found: /ws/notificaciones/
2025-03-23 07:52:20,509 - WARNING - Not Found: /ws/notificaciones/
2025-03-23 07:52:28,790 - WARNING - Not Found: /ws/notificaciones/
2025-03-23 07:52:35,080 - WARNING - Not Found: /ws/notificaciones/
2025-03-23 07:52:45,433 - WARNING - Not Found: /ws/notificaciones/
2025-03-23 07:52:53,795 - WARNING - Not Found: /ws/notificaciones/
2025-03-23 07:53:01,932 - WARNING - Not Found: /ws/notificaciones/
2025-03-23 07:53:10,658 - WARNING - Not Found: /ws/notificaciones/
2025-03-23 07:53:17,497 - WARNING - Not Found: /ws/notificaciones/
2025-03-23 07:53:24,300 - WARNING - Not Found: /ws/notificaciones/
2025-03-23 07:53:32,945 - WARNING - Not Found: /ws/notificaciones/
2025-03-23 07:53:40,917 - WARNING - Not Found: /ws/notificaciones/
2025-03-23 07:53:48,841 - WARNING - Not Found: /ws/notificaciones/
2025-03-23 07:53:57,449 - WARNING - Not Found: /ws/notificaciones/
2025-03-23 07:54:07,752 - WARNING - Not Found: /ws/notificaciones/
2025-03-23 07:54:16,813 - WARNING - Not Found: /ws/notificaciones/
2025-03-23 07:54:26,206 - WARNING - Not Found: /ws/notificaciones/
2025-03-23 07:54:33,684 - WARNING - Not Found: /ws/notificaciones/
2025-03-23 07:54:41,594 - WARNING - Not Found: /ws/notificaciones/
2025-03-23 07:54:50,764 - WARNING - Not Found: /ws/notificaciones/
2025-03-23 07:54:58,466 - WARNING - Not Found: /ws/notificaciones/
2025-03-23 07:55:07,449 - WARNING - Not Found: /ws/notificaciones/
2025-03-23 07:55:15,726 - WARNING - Not Found: /ws/notificaciones/
2025-03-23 07:55:25,254 - WARNING - Not Found: /ws/notificaciones/
2025-03-23 07:55:32,751 - WARNING - Not Found: /ws/notificaciones/
2025-03-23 07:55:40,776 - WARNING - Not Found: /ws/notificaciones/
2025-03-23 07:55:47,595 - WARNING - Not Found: /ws/notificaciones/
2025-03-23 07:55:53,971 - WARNING - Not Found: /ws/notificaciones/
2025-03-23 07:56:01,808 - WARNING - Not Found: /ws/notificaciones/
2025-03-23 07:56:07,818 - WARNING - Not Found: /ws/notificaciones/
2025-03-23 07:56:13,819 - WARNING - Not Found: /ws/notificaciones/
2025-03-23 07:56:19,818 - WARNING - Not Found: /ws/notificaciones/
2025-03-23 07:56:25,817 - WARNING - Not Found: /ws/notificaciones/
2025-03-23 07:56:31,817 - WARNING - Not Found: /ws/notificaciones/
2025-03-23 07:56:37,820 - WARNING - Not Found: /ws/notificaciones/
2025-03-23 07:56:43,821 - WARNING - Not Found: /ws/notificaciones/
2025-03-23 07:56:49,822 - WARNING - Not Found: /ws/notificaciones/
2025-03-23 07:56:55,835 - WARNING - Not Found: /ws/notificaciones/
2025-03-23 07:57:01,833 - WARNING - Not Found: /ws/notificaciones/
2025-03-23 07:57:07,857 - WARNING - Not Found: /ws/notificaciones/
2025-03-23 07:57:13,929 - WARNING - Not Found: /ws/notificaciones/
2025-03-23 07:57:19,957 - WARNING - Not Found: /ws/notificaciones/
2025-03-23 07:57:26,081 - WARNING - Not Found: /ws/notificaciones/
2025-03-23 07:57:32,291 - WARNING - Not Found: /ws/notificaciones/
2025-03-23 07:57:40,025 - WARNING - Not Found: /ws/notificaciones/
2025-03-23 07:57:50,423 - WARNING - Not Found: /ws/notificaciones/
2025-03-23 07:57:58,230 - WARNING - Not Found: /ws/notificaciones/
2025-03-23 07:58:07,714 - WARNING - Not Found: /ws/notificaciones/
2025-03-23 07:58:12,821 - WARNING - Not Found: /ws/notificaciones/
2025-03-23 07:58:18,818 - WARNING - Not Found: /ws/notificaciones/
2025-03-23 07:58:24,817 - WARNING - Not Found: /ws/notificaciones/
2025-03-23 07:58:30,817 - WARNING - Not Found: /ws/notificaciones/
2025-03-23 07:58:36,818 - WARNING - Not Found: /ws/notificaciones/
2025-03-23 07:58:42,819 - WARNING - Not Found: /ws/notificaciones/
2025-03-23 07:58:48,820 - WARNING - Not Found: /ws/notificaciones/
2025-03-23 07:58:54,820 - WARNING - Not Found: /ws/notificaciones/
2025-03-23 07:59:00,824 - WARNING - Not Found: /ws/notificaciones/
2025-03-23 07:59:06,854 - WARNING - Not Found: /ws/notificaciones/
2025-03-23 07:59:12,853 - WARNING - Not Found: /ws/notificaciones/
2025-03-23 07:59:18,888 - WARNING - Not Found: /ws/notificaciones/
2025-03-23 07:59:25,010 - WARNING - Not Found: /ws/notificaciones/
2025-03-23 07:59:31,306 - WARNING - Not Found: /ws/notificaciones/
2025-03-23 07:59:37,245 - WARNING - Not Found: /ws/notificaciones/
2025-03-23 07:59:45,234 - WARNING - Not Found: /ws/notificaciones/
2025-03-23 07:59:55,398 - WARNING - Not Found: /ws/notificaciones/
2025-03-23 08:00:03,658 - WARNING - Not Found: /ws/notificaciones/
2025-03-23 08:00:13,223 - WARNING - Not Found: /ws/notificaciones/
2025-03-23 08:00:21,194 - WARNING - Not Found: /ws/notificaciones/
2025-03-23 08:00:29,760 - WARNING - Not Found: /ws/notificaciones/
2025-03-23 08:00:38,378 - WARNING - Not Found: /ws/notificaciones/
2025-03-23 08:00:47,379 - WARNING - Not Found: /ws/notificaciones/
2025-03-23 08:00:55,680 - WARNING - Not Found: /ws/notificaciones/
2025-03-23 08:01:05,024 - WARNING - Not Found: /ws/notificaciones/
2025-03-23 08:01:13,976 - WARNING - Not Found: /ws/notificaciones/
2025-03-23 08:01:21,542 - WARNING - Not Found: /ws/notificaciones/
2025-03-23 08:01:30,957 - WARNING - Not Found: /ws/notificaciones/
2025-03-23 08:01:37,526 - WARNING - Not Found: /ws/notificaciones/
2025-03-23 08:01:44,649 - WARNING - Not Found: /ws/notificaciones/
2025-03-23 08:01:52,468 - WARNING - Not Found: /ws/notificaciones/
2025-03-23 08:02:02,280 - WARNING - Not Found: /ws/notificaciones/
2025-03-23 08:02:10,879 - WARNING - Not Found: /ws/notificaciones/
2025-03-23 08:02:16,818 - WARNING - Not Found: /ws/notificaciones/
2025-03-23 08:02:22,819 - WARNING - Not Found: /ws/notificaciones/
2025-03-23 08:02:28,818 - WARNING - Not Found: /ws/notificaciones/
2025-03-23 08:02:34,818 - WARNING - Not Found: /ws/notificaciones/
2025-03-23 08:02:40,817 - WARNING - Not Found: /ws/notificaciones/
2025-03-23 08:02:46,819 - WARNING - Not Found: /ws/notificaciones/
2025-03-23 08:02:52,821 - WARNING - Not Found: /ws/notificaciones/
2025-03-23 08:02:58,822 - WARNING - Not Found: /ws/notificaciones/
2025-03-23 08:03:04,832 - WARNING - Not Found: /ws/notificaciones/
2025-03-23 08:03:10,838 - WARNING - Not Found: /ws/notificaciones/
2025-03-23 08:03:16,867 - WARNING - Not Found: /ws/notificaciones/
2025-03-23 08:03:22,953 - WARNING - Not Found: /ws/notificaciones/
2025-03-23 08:03:28,928 - WARNING - Not Found: /ws/notificaciones/
2025-03-23 08:03:35,163 - WARNING - Not Found: /ws/notificaciones/
2025-03-23 08:03:41,764 - WARNING - Not Found: /ws/notificaciones/
2025-03-23 08:03:47,677 - WARNING - Not Found: /ws/notificaciones/
2025-03-23 08:03:54,968 - WARNING - Not Found: /ws/notificaciones/
2025-03-23 08:04:04,318 - WARNING - Not Found: /ws/notificaciones/
2025-03-23 08:04:13,871 - WARNING - Not Found: /ws/notificaciones/
2025-03-23 08:04:19,817 - WARNING - Not Found: /ws/notificaciones/
2025-03-23 08:04:25,818 - WARNING - Not Found: /ws/notificaciones/
2025-03-23 08:04:31,820 - WARNING - Not Found: /ws/notificaciones/
2025-03-23 08:04:37,818 - WARNING - Not Found: /ws/notificaciones/
2025-03-23 08:04:43,818 - WARNING - Not Found: /ws/notificaciones/
2025-03-23 08:04:49,820 - WARNING - Not Found: /ws/notificaciones/
2025-03-23 08:04:55,822 - WARNING - Not Found: /ws/notificaciones/
2025-03-23 08:05:01,823 - WARNING - Not Found: /ws/notificaciones/
2025-03-23 08:05:07,835 - WARNING - Not Found: /ws/notificaciones/
2025-03-23 08:05:13,845 - WARNING - Not Found: /ws/notificaciones/
2025-03-23 08:05:19,872 - WARNING - Not Found: /ws/notificaciones/
2025-03-23 08:05:25,892 - WARNING - Not Found: /ws/notificaciones/
2025-03-23 08:05:32,105 - WARNING - Not Found: /ws/notificaciones/
2025-03-23 08:05:38,150 - WARNING - Not Found: /ws/notificaciones/
2025-03-23 08:05:45,017 - WARNING - Not Found: /ws/notificaciones/
2025-03-23 08:05:52,152 - WARNING - Not Found: /ws/notificaciones/
2025-03-23 08:06:02,537 - WARNING - Not Found: /ws/notificaciones/
2025-03-23 08:06:10,722 - WARNING - Not Found: /ws/notificaciones/
2025-03-23 08:06:19,402 - WARNING - Not Found: /ws/notificaciones/
2025-03-23 08:06:24,818 - WARNING - Not Found: /ws/notificaciones/
2025-03-23 08:06:30,821 - WARNING - Not Found: /ws/notificaciones/
2025-03-23 08:06:36,817 - WARNING - Not Found: /ws/notificaciones/
2025-03-23 08:06:42,818 - WARNING - Not Found: /ws/notificaciones/
2025-03-23 08:06:48,819 - WARNING - Not Found: /ws/notificaciones/
2025-03-23 08:06:54,818 - WARNING - Not Found: /ws/notificaciones/
2025-03-23 08:07:00,822 - WARNING - Not Found: /ws/notificaciones/
2025-03-23 08:07:06,821 - WARNING - Not Found: /ws/notificaciones/
2025-03-23 08:07:12,823 - WARNING - Not Found: /ws/notificaciones/
2025-03-23 08:07:18,835 - WARNING - Not Found: /ws/notificaciones/
2025-03-23 08:07:24,881 - WARNING - Not Found: /ws/notificaciones/
2025-03-23 08:07:30,879 - WARNING - Not Found: /ws/notificaciones/
2025-03-23 08:07:37,130 - WARNING - Not Found: /ws/notificaciones/
2025-03-23 08:07:42,986 - WARNING - Not Found: /ws/notificaciones/
2025-03-23 08:07:49,387 - WARNING - Not Found: /ws/notificaciones/
2025-03-23 08:07:57,150 - WARNING - Not Found: /ws/notificaciones/
2025-03-23 08:08:07,642 - WARNING - Not Found: /ws/notificaciones/
2025-03-23 08:08:15,463 - WARNING - Not Found: /ws/notificaciones/
2025-03-23 08:08:23,597 - WARNING - Not Found: /ws/notificaciones/
2025-03-23 08:08:28,816 - WARNING - Not Found: /ws/notificaciones/
2025-03-23 08:08:34,817 - WARNING - Not Found: /ws/notificaciones/
2025-03-23 08:08:40,818 - WARNING - Not Found: /ws/notificaciones/
2025-03-23 08:08:46,819 - WARNING - Not Found: /ws/notificaciones/
2025-03-23 08:08:52,817 - WARNING - Not Found: /ws/notificaciones/
2025-03-23 08:08:58,823 - WARNING - Not Found: /ws/notificaciones/
2025-03-23 08:09:04,823 - WARNING - Not Found: /ws/notificaciones/
2025-03-23 08:09:10,825 - WARNING - Not Found: /ws/notificaciones/
2025-03-23 08:09:16,826 - WARNING - Not Found: /ws/notificaciones/
2025-03-23 08:09:22,828 - WARNING - Not Found: /ws/notificaciones/
2025-03-23 08:09:28,836 - WARNING - Not Found: /ws/notificaciones/
2025-03-23 08:09:34,974 - WARNING - Not Found: /ws/notificaciones/
2025-03-23 08:09:40,944 - WARNING - Not Found: /ws/notificaciones/
2025-03-23 08:09:47,346 - WARNING - Not Found: /ws/notificaciones/
2025-03-23 08:09:53,606 - WARNING - Not Found: /ws/notificaciones/
2025-03-23 08:09:59,778 - WARNING - Not Found: /ws/notificaciones/
2025-03-23 08:10:07,677 - WARNING - Not Found: /ws/notificaciones/
2025-03-23 08:10:17,185 - WARNING - Not Found: /ws/notificaciones/
2025-03-23 08:10:26,989 - WARNING - Not Found: /ws/notificaciones/
2025-03-23 08:10:32,819 - WARNING - Not Found: /ws/notificaciones/
2025-03-23 08:10:38,817 - WARNING - Not Found: /ws/notificaciones/
2025-03-23 08:10:44,818 - WARNING - Not Found: /ws/notificaciones/
2025-03-23 08:10:50,818 - WARNING - Not Found: /ws/notificaciones/
2025-03-23 08:10:56,819 - WARNING - Not Found: /ws/notificaciones/
2025-03-23 08:11:02,818 - WARNING - Not Found: /ws/notificaciones/
2025-03-23 08:11:08,821 - WARNING - Not Found: /ws/notificaciones/
2025-03-23 08:11:14,827 - WARNING - Not Found: /ws/notificaciones/
2025-03-23 08:11:20,831 - WARNING - Not Found: /ws/notificaciones/
2025-03-23 08:11:26,830 - WARNING - Not Found: /ws/notificaciones/
2025-03-23 08:11:32,876 - WARNING - Not Found: /ws/notificaciones/
2025-03-23 08:11:38,917 - WARNING - Not Found: /ws/notificaciones/
2025-03-23 08:11:45,046 - WARNING - Not Found: /ws/notificaciones/
2025-03-23 08:11:51,440 - WARNING - Not Found: /ws/notificaciones/
2025-03-23 08:11:57,652 - WARNING - Not Found: /ws/notificaciones/
2025-03-23 08:12:03,763 - WARNING - Not Found: /ws/notificaciones/
2025-03-23 08:13:12,975 - WARNING - Not Found: /ws/notificaciones/
2025-03-23 08:13:22,203 - WARNING - Not Found: /ws/notificaciones/
2025-03-23 08:13:28,238 - WARNING - Not Found: /ws/notificaciones/
2025-03-23 08:13:37,560 - WARNING - Not Found: /ws/notificaciones/
2025-03-23 08:13:45,694 - WARNING - Not Found: /ws/notificaciones/
2025-03-23 08:13:53,309 - WARNING - Not Found: /ws/notificaciones/
2025-03-23 08:13:59,708 - WARNING - Not Found: /ws/notificaciones/
2025-03-23 08:14:07,338 - WARNING - Not Found: /ws/notificaciones/
2025-03-23 08:14:16,434 - WARNING - Not Found: /ws/notificaciones/
2025-03-23 08:14:25,180 - WARNING - Not Found: /ws/notificaciones/
2025-03-23 08:14:34,723 - WARNING - Not Found: /ws/notificaciones/
2025-03-23 08:14:40,934 - WARNING - Not Found: /ws/notificaciones/
2025-03-23 08:14:50,729 - WARNING - Not Found: /ws/notificaciones/
2025-03-23 08:14:59,120 - WARNING - Not Found: /ws/notificaciones/
2025-03-23 08:15:06,827 - WARNING - Not Found: /ws/notificaciones/
2025-03-23 08:15:14,835 - WARNING - Not Found: /ws/notificaciones/
2025-03-23 08:15:23,774 - WARNING - Not Found: /ws/notificaciones/
2025-03-23 08:15:31,214 - WARNING - Not Found: /ws/notificaciones/
2025-03-23 08:15:39,725 - WARNING - Not Found: /ws/notificaciones/
2025-03-23 08:15:49,565 - WARNING - Not Found: /ws/notificaciones/
2025-03-23 08:15:56,980 - WARNING - Not Found: /ws/notificaciones/
2025-03-23 08:16:06,342 - WARNING - Not Found: /ws/notificaciones/
2025-03-23 08:16:16,025 - WARNING - Not Found: /ws/notificaciones/
2025-03-23 08:16:26,421 - WARNING - Not Found: /ws/notificaciones/
2025-03-23 08:16:35,512 - WARNING - Not Found: /ws/notificaciones/
2025-03-23 08:16:41,717 - WARNING - Not Found: /ws/notificaciones/
2025-03-23 08:16:49,717 - WARNING - Not Found: /ws/notificaciones/
2025-03-23 08:16:57,264 - WARNING - Not Found: /ws/notificaciones/
2025-03-23 08:17:06,442 - WARNING - Not Found: /ws/notificaciones/
2025-03-23 08:17:16,566 - WARNING - Not Found: /ws/notificaciones/
2025-03-23 08:17:26,475 - WARNING - Not Found: /ws/notificaciones/
2025-03-23 08:17:33,258 - WARNING - Not Found: /ws/notificaciones/
2025-03-23 08:17:42,241 - WARNING - Not Found: /ws/notificaciones/
2025-03-23 08:17:50,371 - WARNING - Not Found: /ws/notificaciones/
2025-03-23 08:17:58,468 - WARNING - Not Found: /ws/notificaciones/
2025-03-23 08:18:08,303 - WARNING - Not Found: /ws/notificaciones/
2025-03-23 08:18:16,195 - WARNING - Not Found: /ws/notificaciones/
2025-03-23 08:18:25,128 - WARNING - Not Found: /ws/notificaciones/
2025-03-23 08:18:32,183 - WARNING - Not Found: /ws/notificaciones/
2025-03-23 08:18:37,818 - WARNING - Not Found: /ws/notificaciones/
2025-03-23 08:18:43,818 - WARNING - Not Found: /ws/notificaciones/
2025-03-23 08:18:49,817 - WARNING - Not Found: /ws/notificaciones/
2025-03-23 08:18:55,816 - WARNING - Not Found: /ws/notificaciones/
2025-03-23 08:19:01,818 - WARNING - Not Found: /ws/notificaciones/
2025-03-23 08:19:07,819 - WARNING - Not Found: /ws/notificaciones/
2025-03-23 08:19:13,823 - WARNING - Not Found: /ws/notificaciones/
2025-03-23 08:19:19,820 - WARNING - Not Found: /ws/notificaciones/
2025-03-23 08:19:25,827 - WARNING - Not Found: /ws/notificaciones/
2025-03-23 08:19:31,843 - WARNING - Not Found: /ws/notificaciones/
2025-03-23 08:19:37,875 - WARNING - Not Found: /ws/notificaciones/
2025-03-23 08:19:43,949 - WARNING - Not Found: /ws/notificaciones/
2025-03-23 08:19:49,937 - WARNING - Not Found: /ws/notificaciones/
2025-03-23 08:19:55,997 - WARNING - Not Found: /ws/notificaciones/
2025-03-23 08:20:02,650 - WARNING - Not Found: /ws/notificaciones/
2025-03-23 08:20:09,383 - WARNING - Not Found: /ws/notificaciones/
2025-03-23 08:20:18,732 - WARNING - Not Found: /ws/notificaciones/
2025-03-23 08:20:25,616 - WARNING - Not Found: /ws/notificaciones/
2025-03-23 08:20:33,077 - WARNING - Not Found: /ws/notificaciones/
2025-03-23 08:20:38,818 - WARNING - Not Found: /ws/notificaciones/
2025-03-23 08:20:44,822 - WARNING - Not Found: /ws/notificaciones/
2025-03-23 08:20:50,817 - WARNING - Not Found: /ws/notificaciones/
2025-03-23 08:20:56,817 - WARNING - Not Found: /ws/notificaciones/
2025-03-23 08:21:02,818 - WARNING - Not Found: /ws/notificaciones/
2025-03-23 08:21:08,821 - WARNING - Not Found: /ws/notificaciones/
2025-03-23 08:21:14,824 - WARNING - Not Found: /ws/notificaciones/
2025-03-23 08:21:20,826 - WARNING - Not Found: /ws/notificaciones/
2025-03-23 08:21:26,824 - WARNING - Not Found: /ws/notificaciones/
2025-03-23 08:21:32,836 - WARNING - Not Found: /ws/notificaciones/
2025-03-23 08:21:38,863 - WARNING - Not Found: /ws/notificaciones/
2025-03-23 08:21:44,912 - WARNING - Not Found: /ws/notificaciones/
2025-03-23 08:21:50,977 - WARNING - Not Found: /ws/notificaciones/
2025-03-23 08:21:57,012 - WARNING - Not Found: /ws/notificaciones/
2025-03-23 08:22:03,154 - WARNING - Not Found: /ws/notificaciones/
2025-03-23 08:22:09,979 - WARNING - Not Found: /ws/notificaciones/
2025-03-23 08:22:18,068 - WARNING - Not Found: /ws/notificaciones/
2025-03-23 08:22:28,195 - WARNING - Not Found: /ws/notificaciones/
2025-03-23 08:22:38,754 - WARNING - Not Found: /ws/notificaciones/
2025-03-23 08:22:43,819 - WARNING - Not Found: /ws/notificaciones/
2025-03-23 08:22:49,817 - WARNING - Not Found: /ws/notificaciones/
2025-03-23 08:22:55,817 - WARNING - Not Found: /ws/notificaciones/
2025-03-23 08:23:01,820 - WARNING - Not Found: /ws/notificaciones/
2025-03-23 08:23:07,818 - WARNING - Not Found: /ws/notificaciones/
2025-03-23 08:23:13,822 - WARNING - Not Found: /ws/notificaciones/
2025-03-23 08:23:19,818 - WARNING - Not Found: /ws/notificaciones/
2025-03-23 08:23:25,823 - WARNING - Not Found: /ws/notificaciones/
2025-03-23 08:23:31,823 - WARNING - Not Found: /ws/notificaciones/
2025-03-23 08:23:37,831 - WARNING - Not Found: /ws/notificaciones/
2025-03-23 08:23:43,855 - WARNING - Not Found: /ws/notificaciones/
2025-03-23 08:23:49,872 - WARNING - Not Found: /ws/notificaciones/
2025-03-23 08:23:55,953 - WARNING - Not Found: /ws/notificaciones/
2025-03-23 08:24:01,945 - WARNING - Not Found: /ws/notificaciones/
2025-03-23 08:24:08,278 - WARNING - Not Found: /ws/notificaciones/
2025-03-23 08:24:15,272 - WARNING - Not Found: /ws/notificaciones/
2025-03-23 08:24:22,808 - WARNING - Not Found: /ws/notificaciones/
2025-03-23 08:24:30,839 - WARNING - Not Found: /ws/notificaciones/
2025-03-23 08:24:38,649 - WARNING - Not Found: /ws/notificaciones/
2025-03-23 08:24:46,358 - WARNING - Not Found: /ws/notificaciones/
2025-03-23 08:24:55,795 - WARNING - Not Found: /ws/notificaciones/
2025-03-23 08:25:05,547 - WARNING - Not Found: /ws/notificaciones/
2025-03-23 08:25:12,395 - WARNING - Not Found: /ws/notificaciones/
2025-03-23 08:25:20,279 - WARNING - Not Found: /ws/notificaciones/
2025-03-23 08:25:30,666 - WARNING - Not Found: /ws/notificaciones/
2025-03-23 08:25:39,567 - WARNING - Not Found: /ws/notificaciones/
2025-03-23 08:25:49,570 - WARNING - Not Found: /ws/notificaciones/
2025-03-23 08:25:56,879 - WARNING - Not Found: /ws/notificaciones/
2025-03-23 08:26:04,274 - WARNING - Not Found: /ws/notificaciones/
2025-03-23 08:26:13,647 - WARNING - Not Found: /ws/notificaciones/
2025-03-23 08:26:20,385 - WARNING - Not Found: /ws/notificaciones/
2025-03-23 08:26:27,086 - WARNING - Not Found: /ws/notificaciones/
2025-03-23 08:26:34,852 - WARNING - Not Found: /ws/notificaciones/
2025-03-23 08:26:43,007 - WARNING - Not Found: /ws/notificaciones/
2025-03-23 08:26:48,819 - WARNING - Not Found: /ws/notificaciones/
2025-03-23 08:26:54,817 - WARNING - Not Found: /ws/notificaciones/
2025-03-23 08:27:00,819 - WARNING - Not Found: /ws/notificaciones/
2025-03-23 08:27:06,818 - WARNING - Not Found: /ws/notificaciones/
2025-03-23 08:27:12,818 - WARNING - Not Found: /ws/notificaciones/
2025-03-23 08:27:18,821 - WARNING - Not Found: /ws/notificaciones/
2025-03-23 08:27:24,822 - WARNING - Not Found: /ws/notificaciones/
2025-03-23 08:27:30,825 - WARNING - Not Found: /ws/notificaciones/
2025-03-23 08:27:36,833 - WARNING - Not Found: /ws/notificaciones/
2025-03-23 08:27:42,848 - WARNING - Not Found: /ws/notificaciones/
2025-03-23 08:27:48,892 - WARNING - Not Found: /ws/notificaciones/
2025-03-23 08:27:54,969 - WARNING - Not Found: /ws/notificaciones/
2025-03-23 08:28:00,900 - WARNING - Not Found: /ws/notificaciones/
2025-03-23 08:28:07,015 - WARNING - Not Found: /ws/notificaciones/
2025-03-23 08:28:13,614 - WARNING - Not Found: /ws/notificaciones/
2025-03-23 08:28:20,344 - WARNING - Not Found: /ws/notificaciones/
2025-03-23 08:28:28,868 - WARNING - Not Found: /ws/notificaciones/
2025-03-23 08:28:39,534 - WARNING - Not Found: /ws/notificaciones/
2025-03-23 08:28:49,761 - WARNING - Not Found: /ws/notificaciones/
2025-03-23 08:28:57,444 - WARNING - Not Found: /ws/notificaciones/
2025-03-23 08:29:07,112 - WARNING - Not Found: /ws/notificaciones/
2025-03-23 08:29:16,680 - WARNING - Not Found: /ws/notificaciones/
2025-03-23 08:29:24,361 - WARNING - Not Found: /ws/notificaciones/
2025-03-23 08:29:31,529 - WARNING - Not Found: /ws/notificaciones/
2025-03-23 08:29:38,952 - WARNING - Not Found: /ws/notificaciones/
2025-03-23 08:29:48,324 - WARNING - Not Found: /ws/notificaciones/
2025-03-23 08:29:57,753 - WARNING - Not Found: /ws/notificaciones/
2025-03-23 08:31:06,458 - WARNING - Not Found: /ws/notificaciones/
2025-03-23 08:31:13,253 - WARNING - Not Found: /ws/notificaciones/
2025-03-23 08:31:20,913 - WARNING - Not Found: /ws/notificaciones/
2025-03-23 08:31:30,747 - WARNING - Not Found: /ws/notificaciones/
2025-03-23 08:31:38,182 - WARNING - Not Found: /ws/notificaciones/
2025-03-23 08:31:47,272 - WARNING - Not Found: /ws/notificaciones/
2025-03-23 08:31:55,995 - WARNING - Not Found: /ws/notificaciones/
2025-03-23 08:32:05,569 - WARNING - Not Found: /ws/notificaciones/
2025-03-23 08:32:13,132 - WARNING - Not Found: /ws/notificaciones/
2025-03-23 08:32:21,169 - WARNING - Not Found: /ws/notificaciones/
2025-03-23 08:32:27,736 - WARNING - Not Found: /ws/notificaciones/
2025-03-23 08:32:37,695 - WARNING - Not Found: /ws/notificaciones/
2025-03-23 08:32:46,367 - WARNING - Not Found: /ws/notificaciones/
2025-03-23 08:32:51,379 - WARNING - Not Found: /ws/notificaciones/
2025-03-23 08:32:56,395 - WARNING - Not Found: /ws/notificaciones/
2025-03-23 08:33:01,411 - WARNING - Not Found: /ws/notificaciones/
2025-03-23 08:33:06,426 - WARNING - Not Found: /ws/notificaciones/
2025-03-23 08:33:11,440 - WARNING - Not Found: /ws/notificaciones/
2025-03-23 08:33:16,457 - WARNING - Not Found: /ws/notificaciones/
2025-03-23 08:33:21,470 - WARNING - Not Found: /ws/notificaciones/
2025-03-23 08:33:26,491 - WARNING - Not Found: /ws/notificaciones/
2025-03-23 08:33:31,510 - WARNING - Not Found: /ws/notificaciones/
2025-03-23 08:33:36,539 - WARNING - Not Found: /ws/notificaciones/
2025-03-23 08:33:41,587 - WARNING - Not Found: /ws/notificaciones/
2025-03-23 08:33:46,754 - WARNING - Not Found: /ws/notificaciones/
2025-03-23 08:33:51,978 - WARNING - Not Found: /ws/notificaciones/
2025-03-23 08:33:57,267 - WARNING - Not Found: /ws/notificaciones/
2025-03-23 08:34:03,155 - WARNING - Not Found: /ws/notificaciones/
2025-03-23 08:34:09,529 - WARNING - Not Found: /ws/notificaciones/
2025-03-23 08:34:19,099 - WARNING - Not Found: /ws/notificaciones/
2025-03-23 08:34:25,253 - WARNING - Not Found: /ws/notificaciones/
2025-03-23 08:34:28,166 - WARNING - Bad Request: /api/facturas/
2025-03-23 08:34:33,648 - WARNING - Not Found: /ws/notificaciones/
2025-03-23 08:34:41,850 - WARNING - Not Found: /ws/notificaciones/
2025-03-23 08:34:47,987 - WARNING - Not Found: /ws/notificaciones/
2025-03-23 08:34:52,999 - WARNING - Not Found: /ws/notificaciones/
2025-03-23 08:34:58,013 - WARNING - Not Found: /ws/notificaciones/
2025-03-23 08:35:03,028 - WARNING - Not Found: /ws/notificaciones/
2025-03-23 08:35:08,044 - WARNING - Not Found: /ws/notificaciones/
2025-03-23 08:35:13,063 - WARNING - Not Found: /ws/notificaciones/
2025-03-23 08:35:18,082 - WARNING - Not Found: /ws/notificaciones/
2025-03-23 08:35:23,097 - WARNING - Not Found: /ws/notificaciones/
2025-03-23 08:35:28,119 - WARNING - Not Found: /ws/notificaciones/
2025-03-23 08:35:33,139 - WARNING - Not Found: /ws/notificaciones/
2025-03-23 08:35:34,291 - WARNING - Bad Request: /api/facturas/
2025-03-23 08:35:38,172 - WARNING - Not Found: /ws/notificaciones/
2025-03-23 08:35:43,252 - WARNING - Not Found: /ws/notificaciones/
2025-03-23 08:35:48,369 - WARNING - Not Found: /ws/notificaciones/
2025-03-23 08:35:53,518 - WARNING - Not Found: /ws/notificaciones/
2025-03-23 08:35:59,083 - WARNING - Not Found: /ws/notificaciones/
2025-03-23 08:36:04,973 - WARNING - Not Found: /ws/notificaciones/
2025-03-23 08:36:11,085 - WARNING - Not Found: /ws/notificaciones/
2025-03-23 08:36:20,658 - WARNING - Not Found: /ws/notificaciones/
2025-03-23 08:36:26,869 - WARNING - Not Found: /ws/notificaciones/
2025-03-23 08:36:33,099 - WARNING - Not Found: /ws/notificaciones/
2025-03-23 08:36:42,471 - WARNING - Not Found: /ws/notificaciones/
2025-03-23 08:36:50,071 - WARNING - Not Found: /ws/notificaciones/
2025-03-23 08:36:55,088 - WARNING - Not Found: /ws/notificaciones/
2025-03-23 08:37:00,103 - WARNING - Not Found: /ws/notificaciones/
2025-03-23 08:37:05,817 - WARNING - Not Found: /ws/notificaciones/
2025-03-23 08:37:11,818 - WARNING - Not Found: /ws/notificaciones/
2025-03-23 08:37:17,818 - WARNING - Not Found: /ws/notificaciones/
2025-03-23 08:37:23,821 - WARNING - Not Found: /ws/notificaciones/
2025-03-23 08:37:29,819 - WARNING - Not Found: /ws/notificaciones/
2025-03-23 08:37:35,823 - WARNING - Not Found: /ws/notificaciones/
2025-03-23 08:37:41,829 - WARNING - Not Found: /ws/notificaciones/
2025-03-23 08:37:47,855 - WARNING - Not Found: /ws/notificaciones/
2025-03-23 08:37:53,845 - WARNING - Not Found: /ws/notificaciones/
2025-03-23 08:37:59,892 - WARNING - Not Found: /ws/notificaciones/
2025-03-23 08:38:05,995 - WARNING - Not Found: /ws/notificaciones/
2025-03-23 08:38:12,222 - WARNING - Not Found: /ws/notificaciones/
2025-03-23 08:38:19,058 - WARNING - Not Found: /ws/notificaciones/
2025-03-23 08:38:25,799 - WARNING - Not Found: /ws/notificaciones/
2025-03-23 08:38:35,133 - WARNING - Not Found: /ws/notificaciones/
2025-03-23 08:38:43,087 - WARNING - Not Found: /ws/notificaciones/
2025-03-23 08:38:51,035 - WARNING - Not Found: /ws/notificaciones/
2025-03-23 08:38:56,818 - WARNING - Not Found: /ws/notificaciones/
2025-03-23 08:39:02,819 - WARNING - Not Found: /ws/notificaciones/
2025-03-23 08:39:08,818 - WARNING - Not Found: /ws/notificaciones/
2025-03-23 08:39:14,819 - WARNING - Not Found: /ws/notificaciones/
2025-03-23 08:39:20,818 - WARNING - Not Found: /ws/notificaciones/
2025-03-23 08:39:26,822 - WARNING - Not Found: /ws/notificaciones/
2025-03-23 08:39:32,823 - WARNING - Not Found: /ws/notificaciones/
2025-03-23 08:39:35,390 - INFO - /app/facturacion/models.py changed, reloading.
2025-03-23 08:39:38,833 - WARNING - Not Found: /ws/notificaciones/
2025-03-23 08:39:44,313 - INFO - /app/facturacion/serializers.py changed, reloading.
2025-03-23 08:39:50,845 - WARNING - Not Found: /ws/notificaciones/
2025-03-23 08:39:56,848 - WARNING - Not Found: /ws/notificaciones/
2025-03-23 08:39:59,766 - INFO - /app/facturacion/services.py changed, reloading.
2025-03-23 08:40:02,968 - WARNING - Not Found: /ws/notificaciones/
2025-03-23 08:40:09,105 - WARNING - Not Found: /ws/notificaciones/
2025-03-23 08:40:15,280 - WARNING - Not Found: /ws/notificaciones/
2025-03-23 08:40:21,691 - WARNING - Not Found: /ws/notificaciones/
2025-03-23 08:40:27,699 - WARNING - Not Found: /ws/notificaciones/
2025-03-23 08:40:35,412 - WARNING - Not Found: /ws/notificaciones/
2025-03-23 08:40:44,820 - WARNING - Not Found: /ws/notificaciones/
2025-03-23 08:40:54,560 - WARNING - Not Found: /ws/notificaciones/
2025-03-23 08:40:59,817 - WARNING - Not Found: /ws/notificaciones/
2025-03-23 08:41:05,817 - WARNING - Not Found: /ws/notificaciones/
2025-03-23 08:41:11,818 - WARNING - Not Found: /ws/notificaciones/
2025-03-23 08:41:17,817 - WARNING - Not Found: /ws/notificaciones/
2025-03-23 08:41:23,820 - WARNING - Not Found: /ws/notificaciones/
2025-03-23 08:41:29,820 - WARNING - Not Found: /ws/notificaciones/
2025-03-23 08:41:35,821 - WARNING - Not Found: /ws/notificaciones/
2025-03-23 08:41:41,822 - WARNING - Not Found: /ws/notificaciones/
2025-03-23 08:41:47,828 - WARNING - Not Found: /ws/notificaciones/
2025-03-23 08:41:53,831 - WARNING - Not Found: /ws/notificaciones/
2025-03-23 08:41:59,856 - WARNING - Not Found: /ws/notificaciones/
2025-03-23 08:42:05,966 - WARNING - Not Found: /ws/notificaciones/
2025-03-23 08:42:11,963 - WARNING - Not Found: /ws/notificaciones/
2025-03-23 08:42:18,048 - WARNING - Not Found: /ws/notificaciones/
2025-03-23 08:42:24,207 - WARNING - Not Found: /ws/notificaciones/
2025-03-23 08:42:31,324 - WARNING - Not Found: /ws/notificaciones/
2025-03-23 08:42:41,030 - WARNING - Not Found: /ws/notificaciones/
2025-03-23 08:42:49,485 - WARNING - Not Found: /ws/notificaciones/
2025-03-23 08:42:58,867 - WARNING - Not Found: /ws/notificaciones/
2025-03-23 08:43:04,818 - WARNING - Not Found: /ws/notificaciones/
2025-03-23 08:43:10,822 - WARNING - Not Found: /ws/notificaciones/
2025-03-23 08:43:16,818 - WARNING - Not Found: /ws/notificaciones/
2025-03-23 08:43:22,817 - WARNING - Not Found: /ws/notificaciones/
2025-03-23 08:43:28,818 - WARNING - Not Found: /ws/notificaciones/
2025-03-23 08:43:34,819 - WARNING - Not Found: /ws/notificaciones/
2025-03-23 08:43:40,822 - WARNING - Not Found: /ws/notificaciones/
2025-03-23 08:43:46,826 - WARNING - Not Found: /ws/notificaciones/
2025-03-23 08:43:52,823 - WARNING - Not Found: /ws/notificaciones/
2025-03-23 08:43:58,853 - WARNING - Not Found: /ws/notificaciones/
2025-03-23 08:44:04,882 - WARNING - Not Found: /ws/notificaciones/
2025-03-23 08:44:10,883 - WARNING - Not Found: /ws/notificaciones/
2025-03-23 08:44:17,006 - WARNING - Not Found: /ws/notificaciones/
2025-03-23 08:44:23,440 - WARNING - Not Found: /ws/notificaciones/
2025-03-23 08:44:29,352 - WARNING - Not Found: /ws/notificaciones/
2025-03-23 08:44:35,578 - WARNING - Not Found: /ws/notificaciones/
2025-03-23 08:44:45,287 - WARNING - Not Found: /ws/notificaciones/
2025-03-23 08:44:54,973 - WARNING - Not Found: /ws/notificaciones/
2025-03-23 08:45:05,267 - WARNING - Not Found: /ws/notificaciones/
2025-03-23 08:45:15,814 - WARNING - Not Found: /ws/notificaciones/
2025-03-23 08:45:25,574 - WARNING - Not Found: /ws/notificaciones/
2025-03-23 08:45:44,613 - WARNING - Not Found: /ws/notificaciones/
2025-03-23 08:45:52,418 - WARNING - Not Found: /ws/notificaciones/
2025-03-23 08:46:02,663 - WARNING - Not Found: /ws/notificaciones/
2025-03-23 08:46:12,701 - WARNING - Not Found: /ws/notificaciones/
2025-03-23 08:46:19,350 - WARNING - Not Found: /ws/notificaciones/
2025-03-23 08:46:25,127 - WARNING - Not Found: /ws/notificaciones/
2025-03-23 08:46:32,179 - WARNING - Not Found: /ws/notificaciones/
2025-03-23 08:46:39,489 - WARNING - Not Found: /ws/notificaciones/
2025-03-23 08:46:48,417 - WARNING - Not Found: /ws/notificaciones/
2025-03-23 08:46:55,774 - WARNING - Not Found: /ws/notificaciones/
2025-03-23 08:47:02,099 - WARNING - Not Found: /ws/notificaciones/
2025-03-23 08:47:07,117 - WARNING - Not Found: /ws/notificaciones/
2025-03-23 08:47:12,131 - WARNING - Not Found: /ws/notificaciones/
2025-03-23 08:47:17,145 - WARNING - Not Found: /ws/notificaciones/
2025-03-23 08:47:22,158 - WARNING - Not Found: /ws/notificaciones/
2025-03-23 08:47:27,174 - WARNING - Not Found: /ws/notificaciones/
2025-03-23 08:47:32,188 - WARNING - Not Found: /ws/notificaciones/
2025-03-23 08:47:37,204 - WARNING - Not Found: /ws/notificaciones/
2025-03-23 08:47:42,825 - WARNING - Not Found: /ws/notificaciones/
2025-03-23 08:47:48,836 - WARNING - Not Found: /ws/notificaciones/
2025-03-23 08:47:54,847 - WARNING - Not Found: /ws/notificaciones/
2025-03-23 08:48:00,888 - WARNING - Not Found: /ws/notificaciones/
2025-03-23 08:48:06,892 - WARNING - Not Found: /ws/notificaciones/
2025-03-23 08:48:13,036 - WARNING - Not Found: /ws/notificaciones/
2025-03-23 08:48:19,405 - WARNING - Not Found: /ws/notificaciones/
2025-03-23 08:48:25,323 - WARNING - Not Found: /ws/notificaciones/
2025-03-23 08:48:33,044 - WARNING - Not Found: /ws/notificaciones/
2025-03-23 08:48:40,042 - WARNING - Not Found: /ws/notificaciones/
2025-03-23 08:48:49,487 - WARNING - Not Found: /ws/notificaciones/
2025-03-23 08:48:56,635 - WARNING - Not Found: /ws/notificaciones/
2025-03-23 08:49:06,105 - WARNING - Not Found: /ws/notificaciones/
2025-03-23 08:49:11,818 - WARNING - Not Found: /ws/notificaciones/
2025-03-23 08:49:17,819 - WARNING - Not Found: /ws/notificaciones/
2025-03-23 08:49:23,817 - WARNING - Not Found: /ws/notificaciones/
2025-03-23 08:49:29,817 - WARNING - Not Found: /ws/notificaciones/
2025-03-23 08:49:35,820 - WARNING - Not Found: /ws/notificaciones/
2025-03-23 08:49:41,818 - WARNING - Not Found: /ws/notificaciones/
2025-03-23 08:49:47,823 - WARNING - Not Found: /ws/notificaciones/
2025-03-23 08:49:53,827 - WARNING - Not Found: /ws/notificaciones/
2025-03-23 08:49:59,823 - WARNING - Not Found: /ws/notificaciones/
2025-03-23 08:50:05,848 - WARNING - Not Found: /ws/notificaciones/
2025-03-23 08:50:11,872 - WARNING - Not Found: /ws/notificaciones/
2025-03-23 08:50:17,865 - WARNING - Not Found: /ws/notificaciones/
2025-03-23 08:50:23,770 - WARNING - Not Found: /ws/notificaciones/
2025-03-23 08:50:28,939 - WARNING - Not Found: /ws/notificaciones/
2025-03-23 08:50:35,075 - WARNING - Not Found: /ws/notificaciones/
2025-03-23 08:50:41,238 - WARNING - Not Found: /ws/notificaciones/
2025-03-23 08:50:47,857 - WARNING - Not Found: /ws/notificaciones/
2025-03-23 08:50:56,645 - WARNING - Not Found: /ws/notificaciones/
2025-03-23 08:51:04,335 - WARNING - Not Found: /ws/notificaciones/
2025-03-23 08:51:13,736 - WARNING - Not Found: /ws/notificaciones/
2025-03-23 08:51:22,988 - WARNING - Not Found: /ws/notificaciones/
2025-03-23 08:51:33,810 - WARNING - Not Found: /ws/notificaciones/
2025-03-23 08:51:42,365 - WARNING - Not Found: /ws/notificaciones/
2025-03-23 08:51:49,732 - WARNING - Not Found: /ws/notificaciones/
2025-03-23 08:51:57,403 - WARNING - Not Found: /ws/notificaciones/
2025-03-23 08:52:04,968 - WARNING - Not Found: /ws/notificaciones/
2025-03-23 08:52:13,097 - WARNING - Not Found: /ws/notificaciones/
2025-03-23 08:52:22,689 - WARNING - Not Found: /ws/notificaciones/
2025-03-23 08:52:32,399 - WARNING - Not Found: /ws/notificaciones/
2025-03-23 08:52:38,838 - WARNING - Not Found: /ws/notificaciones/
2025-03-23 08:52:49,044 - WARNING - Not Found: /ws/notificaciones/
2025-03-23 08:52:58,288 - WARNING - Not Found: /ws/notificaciones/
2025-03-23 08:53:07,290 - WARNING - Not Found: /ws/notificaciones/
2025-03-23 08:53:12,817 - WARNING - Not Found: /ws/notificaciones/
2025-03-23 08:53:18,818 - WARNING - Not Found: /ws/notificaciones/
2025-03-23 08:53:24,817 - WARNING - Not Found: /ws/notificaciones/
2025-03-23 08:53:30,817 - WARNING - Not Found: /ws/notificaciones/
2025-03-23 08:53:36,821 - WARNING - Not Found: /ws/notificaciones/
2025-03-23 08:53:42,820 - WARNING - Not Found: /ws/notificaciones/
2025-03-23 08:53:48,824 - WARNING - Not Found: /ws/notificaciones/
2025-03-23 08:53:53,848 - WARNING - Not Found: /ws/notificaciones/
2025-03-23 08:53:58,882 - WARNING - Not Found: /ws/notificaciones/
2025-03-23 08:54:03,928 - WARNING - Not Found: /ws/notificaciones/
2025-03-23 08:54:09,006 - WARNING - Not Found: /ws/notificaciones/
2025-03-23 08:54:14,104 - WARNING - Not Found: /ws/notificaciones/
2025-03-23 08:54:19,427 - WARNING - Not Found: /ws/notificaciones/
2025-03-23 08:54:24,941 - WARNING - Not Found: /ws/notificaciones/
2025-03-23 08:54:30,642 - WARNING - Not Found: /ws/notificaciones/
2025-03-23 08:54:37,903 - WARNING - Not Found: /ws/notificaciones/
2025-03-23 08:54:45,865 - WARNING - Not Found: /ws/notificaciones/
2025-03-23 08:54:53,473 - WARNING - Not Found: /ws/notificaciones/
2025-03-23 08:55:00,831 - WARNING - Not Found: /ws/notificaciones/
2025-03-23 08:55:08,092 - WARNING - Not Found: /ws/notificaciones/
2025-03-23 08:55:13,818 - WARNING - Not Found: /ws/notificaciones/
2025-03-23 08:55:19,816 - WARNING - Not Found: /ws/notificaciones/
2025-03-23 08:55:25,818 - WARNING - Not Found: /ws/notificaciones/
2025-03-23 08:55:30,832 - WARNING - Not Found: /ws/notificaciones/
2025-03-23 08:55:35,845 - WARNING - Not Found: /ws/notificaciones/
2025-03-23 08:55:40,862 - WARNING - Not Found: /ws/notificaciones/
2025-03-23 08:55:45,880 - WARNING - Not Found: /ws/notificaciones/
2025-03-23 08:55:50,900 - WARNING - Not Found: /ws/notificaciones/
2025-03-23 08:55:55,928 - WARNING - Not Found: /ws/notificaciones/
2025-03-23 08:56:00,956 - WARNING - Not Found: /ws/notificaciones/
2025-03-23 08:56:05,997 - WARNING - Not Found: /ws/notificaciones/
2025-03-23 08:56:11,054 - WARNING - Not Found: /ws/notificaciones/
2025-03-23 08:56:16,280 - WARNING - Not Found: /ws/notificaciones/
2025-03-23 08:56:22,184 - WARNING - Not Found: /ws/notificaciones/
2025-03-23 08:56:28,230 - WARNING - Not Found: /ws/notificaciones/
2025-03-23 08:56:35,435 - WARNING - Not Found: /ws/notificaciones/
2025-03-23 08:56:43,463 - WARNING - Not Found: /ws/notificaciones/
2025-03-23 08:56:50,373 - WARNING - Not Found: /ws/notificaciones/
2025-03-23 08:56:59,989 - WARNING - Not Found: /ws/notificaciones/
2025-03-23 08:57:07,847 - WARNING - Not Found: /ws/notificaciones/
2025-03-23 08:57:15,248 - WARNING - Not Found: /ws/notificaciones/
2025-03-23 08:57:25,213 - WARNING - Not Found: /ws/notificaciones/
2025-03-23 08:57:32,082 - WARNING - Not Found: /ws/notificaciones/
2025-03-23 08:57:42,417 - WARNING - Not Found: /ws/notificaciones/
2025-03-23 08:57:51,900 - WARNING - Not Found: /ws/notificaciones/
2025-03-23 08:58:00,939 - WARNING - Not Found: /ws/notificaciones/
2025-03-23 08:58:08,338 - WARNING - Not Found: /ws/notificaciones/
2025-03-23 08:58:18,410 - WARNING - Not Found: /ws/notificaciones/
2025-03-23 08:58:27,412 - WARNING - Not Found: /ws/notificaciones/
2025-03-23 08:58:37,371 - WARNING - Not Found: /ws/notificaciones/
2025-03-23 08:58:46,161 - WARNING - Not Found: /ws/notificaciones/
2025-03-23 08:58:54,659 - WARNING - Not Found: /ws/notificaciones/
2025-03-23 08:59:02,067 - WARNING - Not Found: /ws/notificaciones/
2025-03-23 08:59:09,253 - WARNING - Not Found: /ws/notificaciones/
2025-03-23 08:59:14,818 - WARNING - Not Found: /ws/notificaciones/
2025-03-23 08:59:20,817 - WARNING - Not Found: /ws/notificaciones/
2025-03-23 08:59:26,816 - WARNING - Not Found: /ws/notificaciones/
2025-03-23 08:59:32,818 - WARNING - Not Found: /ws/notificaciones/
2025-03-23 08:59:38,818 - WARNING - Not Found: /ws/notificaciones/
2025-03-23 08:59:44,819 - WARNING - Not Found: /ws/notificaciones/
2025-03-23 08:59:50,820 - WARNING - Not Found: /ws/notificaciones/
2025-03-23 08:59:56,825 - WARNING - Not Found: /ws/notificaciones/
2025-03-23 09:00:02,831 - WARNING - Not Found: /ws/notificaciones/
2025-03-23 09:00:08,844 - WARNING - Not Found: /ws/notificaciones/
2025-03-23 09:00:14,864 - WARNING - Not Found: /ws/notificaciones/
2025-03-23 09:00:20,871 - WARNING - Not Found: /ws/notificaciones/
2025-03-23 09:00:26,917 - WARNING - Not Found: /ws/notificaciones/
2025-03-23 09:00:33,185 - WARNING - Not Found: /ws/notificaciones/
2025-03-23 09:00:39,428 - WARNING - Not Found: /ws/notificaciones/
2025-03-23 09:00:46,379 - WARNING - Not Found: /ws/notificaciones/
2025-03-23 09:00:56,478 - WARNING - Not Found: /ws/notificaciones/
2025-03-23 09:01:04,321 - WARNING - Not Found: /ws/notificaciones/
2025-03-23 09:01:14,745 - WARNING - Not Found: /ws/notificaciones/
2025-03-23 09:01:19,818 - WARNING - Not Found: /ws/notificaciones/
2025-03-23 09:01:25,818 - WARNING - Not Found: /ws/notificaciones/
2025-03-23 09:01:31,817 - WARNING - Not Found: /ws/notificaciones/
2025-03-23 09:01:37,818 - WARNING - Not Found: /ws/notificaciones/
2025-03-23 09:01:43,817 - WARNING - Not Found: /ws/notificaciones/
2025-03-23 09:01:49,821 - WARNING - Not Found: /ws/notificaciones/
2025-03-23 09:01:55,825 - WARNING - Not Found: /ws/notificaciones/
2025-03-23 09:02:01,826 - WARNING - Not Found: /ws/notificaciones/
2025-03-23 09:02:07,837 - WARNING - Not Found: /ws/notificaciones/
2025-03-23 09:02:13,856 - WARNING - Not Found: /ws/notificaciones/
2025-03-23 09:02:19,845 - WARNING - Not Found: /ws/notificaciones/
2025-03-23 09:02:25,924 - WARNING - Not Found: /ws/notificaciones/
2025-03-23 09:02:32,088 - WARNING - Not Found: /ws/notificaciones/
2025-03-23 09:02:38,317 - WARNING - Not Found: /ws/notificaciones/
2025-03-23 09:02:44,207 - WARNING - Not Found: /ws/notificaciones/
2025-03-23 09:02:51,715 - WARNING - Not Found: /ws/notificaciones/
2025-03-23 09:02:57,971 - WARNING - Not Found: /ws/notificaciones/
2025-03-23 09:03:07,314 - WARNING - Not Found: /ws/notificaciones/
2025-03-23 09:03:17,206 - WARNING - Not Found: /ws/notificaciones/
2025-03-23 09:03:22,817 - WARNING - Not Found: /ws/notificaciones/
2025-03-23 09:03:28,817 - WARNING - Not Found: /ws/notificaciones/
2025-03-23 09:03:34,817 - WARNING - Not Found: /ws/notificaciones/
2025-03-23 09:03:40,817 - WARNING - Not Found: /ws/notificaciones/
2025-03-23 09:03:46,820 - WARNING - Not Found: /ws/notificaciones/
2025-03-23 09:03:52,818 - WARNING - Not Found: /ws/notificaciones/
2025-03-23 09:03:58,821 - WARNING - Not Found: /ws/notificaciones/
2025-03-23 09:04:04,821 - WARNING - Not Found: /ws/notificaciones/
2025-03-23 09:04:10,830 - WARNING - Not Found: /ws/notificaciones/
2025-03-23 09:04:16,849 - WARNING - Not Found: /ws/notificaciones/
2025-03-23 09:04:22,892 - WARNING - Not Found: /ws/notificaciones/
2025-03-23 09:04:28,881 - WARNING - Not Found: /ws/notificaciones/
2025-03-23 09:04:34,884 - WARNING - Not Found: /ws/notificaciones/
2025-03-23 09:04:41,351 - WARNING - Not Found: /ws/notificaciones/
2025-03-23 09:04:48,040 - WARNING - Not Found: /ws/notificaciones/
2025-03-23 09:04:55,608 - WARNING - Not Found: /ws/notificaciones/
2025-03-23 09:05:04,490 - WARNING - Not Found: /ws/notificaciones/
2025-03-23 09:05:11,804 - WARNING - Not Found: /ws/notificaciones/
2025-03-23 09:05:19,815 - WARNING - Not Found: /ws/notificaciones/
2025-03-23 09:05:25,818 - WARNING - Not Found: /ws/notificaciones/
2025-03-23 09:05:31,818 - WARNING - Not Found: /ws/notificaciones/
2025-03-23 09:05:37,818 - WARNING - Not Found: /ws/notificaciones/
2025-03-23 09:05:43,818 - WARNING - Not Found: /ws/notificaciones/
2025-03-23 09:05:49,819 - WARNING - Not Found: /ws/notificaciones/
2025-03-23 09:05:55,818 - WARNING - Not Found: /ws/notificaciones/
2025-03-23 09:06:01,823 - WARNING - Not Found: /ws/notificaciones/
2025-03-23 09:06:07,824 - WARNING - Not Found: /ws/notificaciones/
2025-03-23 09:06:13,829 - WARNING - Not Found: /ws/notificaciones/
2025-03-23 09:06:18,860 - WARNING - Not Found: /ws/notificaciones/
2025-03-23 09:06:24,836 - WARNING - Not Found: /ws/notificaciones/
2025-03-23 09:06:30,910 - WARNING - Not Found: /ws/notificaciones/
2025-03-23 09:06:36,985 - WARNING - Not Found: /ws/notificaciones/
2025-03-23 09:06:43,093 - WARNING - Not Found: /ws/notificaciones/
2025-03-23 09:06:49,912 - WARNING - Not Found: /ws/notificaciones/
2025-03-23 09:06:56,689 - WARNING - Not Found: /ws/notificaciones/
2025-03-23 09:07:06,241 - WARNING - Not Found: /ws/notificaciones/
2025-03-23 09:07:14,040 - WARNING - Not Found: /ws/notificaciones/
2025-03-23 09:07:24,074 - WARNING - Not Found: /ws/notificaciones/
2025-03-23 09:07:29,819 - WARNING - Not Found: /ws/notificaciones/
2025-03-23 09:07:35,820 - WARNING - Not Found: /ws/notificaciones/
2025-03-23 09:07:41,818 - WARNING - Not Found: /ws/notificaciones/
2025-03-23 09:07:47,818 - WARNING - Not Found: /ws/notificaciones/
2025-03-23 09:07:53,816 - WARNING - Not Found: /ws/notificaciones/
2025-03-23 09:08:58,890 - WARNING - Not Found: /ws/notificaciones/
2025-03-23 09:09:04,900 - WARNING - Not Found: /ws/notificaciones/
2025-03-23 09:09:07,583 - WARNING - Not Found: /ws/notificaciones/
2025-03-23 09:09:15,898 - WARNING - Not Found: /ws/notificaciones/
2025-03-23 09:09:23,793 - WARNING - Not Found: /ws/notificaciones/
2025-03-23 09:09:31,082 - WARNING - Not Found: /ws/notificaciones/
2025-03-23 09:09:37,955 - WARNING - Not Found: /ws/notificaciones/
2025-03-23 09:09:44,016 - WARNING - Not Found: /ws/notificaciones/
2025-03-23 09:09:53,092 - WARNING - Not Found: /ws/notificaciones/
2025-03-23 09:10:02,717 - WARNING - Not Found: /ws/notificaciones/
2025-03-23 09:10:08,898 - WARNING - Not Found: /ws/notificaciones/
2025-03-23 09:10:15,855 - WARNING - Not Found: /ws/notificaciones/
2025-03-23 09:10:24,993 - WARNING - Not Found: /ws/notificaciones/
2025-03-23 09:10:32,901 - WARNING - Not Found: /ws/notificaciones/
2025-03-23 09:10:39,345 - WARNING - Not Found: /ws/notificaciones/
2025-03-23 09:10:45,802 - WARNING - Not Found: /ws/notificaciones/
2025-03-23 09:10:53,842 - WARNING - Not Found: /ws/notificaciones/
2025-03-23 09:11:01,126 - WARNING - Not Found: /ws/notificaciones/
2025-03-23 09:11:11,083 - WARNING - Not Found: /ws/notificaciones/
2025-03-23 09:11:18,238 - WARNING - Not Found: /ws/notificaciones/
2025-03-23 09:11:25,861 - WARNING - Not Found: /ws/notificaciones/
2025-03-23 09:11:30,874 - WARNING - Not Found: /ws/notificaciones/
2025-03-23 09:11:35,888 - WARNING - Not Found: /ws/notificaciones/
2025-03-23 09:11:40,903 - WARNING - Not Found: /ws/notificaciones/
2025-03-23 09:11:45,917 - WARNING - Not Found: /ws/notificaciones/
2025-03-23 09:11:50,930 - WARNING - Not Found: /ws/notificaciones/
2025-03-23 09:11:55,947 - WARNING - Not Found: /ws/notificaciones/
2025-03-23 09:12:00,965 - WARNING - Not Found: /ws/notificaciones/
2025-03-23 09:12:05,982 - WARNING - Not Found: /ws/notificaciones/
2025-03-23 09:12:11,000 - WARNING - Not Found: /ws/notificaciones/
2025-03-23 09:12:16,042 - WARNING - Not Found: /ws/notificaciones/
2025-03-23 09:12:21,108 - WARNING - Not Found: /ws/notificaciones/
2025-03-23 09:12:26,245 - WARNING - Not Found: /ws/notificaciones/
2025-03-23 09:12:31,484 - WARNING - Not Found: /ws/notificaciones/
2025-03-23 09:12:36,944 - WARNING - Not Found: /ws/notificaciones/
2025-03-23 09:12:42,650 - WARNING - Not Found: /ws/notificaciones/
2025-03-23 09:12:50,063 - WARNING - Not Found: /ws/notificaciones/
2025-03-23 09:12:58,878 - WARNING - Not Found: /ws/notificaciones/
2025-03-23 09:13:05,713 - WARNING - Not Found: /ws/notificaciones/
2025-03-23 09:13:14,192 - WARNING - Not Found: /ws/notificaciones/
2025-03-23 09:13:21,230 - WARNING - Not Found: /ws/notificaciones/
2025-03-23 09:13:27,499 - WARNING - Not Found: /ws/notificaciones/
2025-03-23 09:13:32,513 - WARNING - Not Found: /ws/notificaciones/
2025-03-23 09:13:37,526 - WARNING - Not Found: /ws/notificaciones/
2025-03-23 09:13:42,545 - WARNING - Not Found: /ws/notificaciones/
2025-03-23 09:13:47,561 - WARNING - Not Found: /ws/notificaciones/
2025-03-23 09:13:52,574 - WARNING - Not Found: /ws/notificaciones/
2025-03-23 09:13:57,587 - WARNING - Not Found: /ws/notificaciones/
2025-03-23 09:14:02,603 - WARNING - Not Found: /ws/notificaciones/
2025-03-23 09:14:07,628 - WARNING - Not Found: /ws/notificaciones/
2025-03-23 09:14:12,659 - WARNING - Not Found: /ws/notificaciones/
2025-03-23 09:14:17,710 - WARNING - Not Found: /ws/notificaciones/
2025-03-23 09:14:22,763 - WARNING - Not Found: /ws/notificaciones/
2025-03-23 09:14:27,899 - WARNING - Not Found: /ws/notificaciones/
2025-03-23 09:14:33,177 - WARNING - Not Found: /ws/notificaciones/
2025-03-23 09:14:38,545 - WARNING - Not Found: /ws/notificaciones/
2025-03-23 09:14:43,856 - WARNING - Not Found: /ws/notificaciones/
2025-03-23 09:14:50,858 - WARNING - Not Found: /ws/notificaciones/
2025-03-23 09:14:57,612 - WARNING - Not Found: /ws/notificaciones/
2025-03-23 09:15:05,047 - WARNING - Not Found: /ws/notificaciones/
2025-03-23 09:15:12,456 - WARNING - Not Found: /ws/notificaciones/
2025-03-23 09:15:19,906 - WARNING - Not Found: /ws/notificaciones/
2025-03-23 09:15:28,758 - WARNING - Not Found: /ws/notificaciones/
2025-03-23 09:15:33,773 - WARNING - Not Found: /ws/notificaciones/
2025-03-23 09:15:38,788 - WARNING - Not Found: /ws/notificaciones/
2025-03-23 09:15:43,803 - WARNING - Not Found: /ws/notificaciones/
2025-03-23 09:15:48,818 - WARNING - Not Found: /ws/notificaciones/
2025-03-23 09:15:53,830 - WARNING - Not Found: /ws/notificaciones/
2025-03-23 09:15:58,847 - WARNING - Not Found: /ws/notificaciones/
2025-03-23 09:16:03,866 - WARNING - Not Found: /ws/notificaciones/
2025-03-23 09:16:08,886 - WARNING - Not Found: /ws/notificaciones/
2025-03-23 09:16:13,916 - WARNING - Not Found: /ws/notificaciones/
2025-03-23 09:16:18,951 - WARNING - Not Found: /ws/notificaciones/
2025-03-23 09:16:24,032 - WARNING - Not Found: /ws/notificaciones/
2025-03-23 09:16:29,198 - WARNING - Not Found: /ws/notificaciones/
2025-03-23 09:16:34,514 - WARNING - Not Found: /ws/notificaciones/
2025-03-23 09:16:39,961 - WARNING - Not Found: /ws/notificaciones/
2025-03-23 09:16:46,188 - WARNING - Not Found: /ws/notificaciones/
2025-03-23 09:16:52,973 - WARNING - Not Found: /ws/notificaciones/
2025-03-23 09:17:01,286 - WARNING - Not Found: /ws/notificaciones/
2025-03-23 09:17:09,836 - WARNING - Not Found: /ws/notificaciones/
2025-03-23 09:17:19,361 - WARNING - Not Found: /ws/notificaciones/
2025-03-23 09:17:29,265 - WARNING - Not Found: /ws/notificaciones/
2025-03-23 09:17:34,279 - WARNING - Not Found: /ws/notificaciones/
2025-03-23 09:17:39,293 - WARNING - Not Found: /ws/notificaciones/
2025-03-23 09:17:44,308 - WARNING - Not Found: /ws/notificaciones/
2025-03-23 09:17:49,322 - WARNING - Not Found: /ws/notificaciones/
2025-03-23 09:17:54,336 - WARNING - Not Found: /ws/notificaciones/
2025-03-23 09:17:59,350 - WARNING - Not Found: /ws/notificaciones/
2025-03-23 09:18:04,366 - WARNING - Not Found: /ws/notificaciones/
2025-03-23 09:18:09,391 - WARNING - Not Found: /ws/notificaciones/
2025-03-23 09:18:14,417 - WARNING - Not Found: /ws/notificaciones/
2025-03-23 09:18:19,457 - WARNING - Not Found: /ws/notificaciones/
2025-03-23 09:18:24,540 - WARNING - Not Found: /ws/notificaciones/
2025-03-23 09:18:29,616 - WARNING - Not Found: /ws/notificaciones/
2025-03-23 09:18:34,729 - WARNING - Not Found: /ws/notificaciones/
2025-03-23 09:18:40,045 - WARNING - Not Found: /ws/notificaciones/
2025-03-23 09:18:45,919 - WARNING - Not Found: /ws/notificaciones/
2025-03-23 09:18:53,408 - WARNING - Not Found: /ws/notificaciones/
2025-03-23 09:19:02,574 - WARNING - Not Found: /ws/notificaciones/
2025-03-23 09:19:09,375 - WARNING - Not Found: /ws/notificaciones/
2025-03-23 09:19:15,540 - WARNING - Not Found: /ws/notificaciones/
2025-03-23 09:19:22,165 - WARNING - Not Found: /ws/notificaciones/
2025-03-23 09:19:31,731 - WARNING - Not Found: /ws/notificaciones/
2025-03-23 09:19:36,746 - WARNING - Not Found: /ws/notificaciones/
2025-03-23 09:19:41,762 - WARNING - Not Found: /ws/notificaciones/
2025-03-23 09:19:46,779 - WARNING - Not Found: /ws/notificaciones/
2025-03-23 09:19:51,792 - WARNING - Not Found: /ws/notificaciones/
2025-03-23 09:19:56,808 - WARNING - Not Found: /ws/notificaciones/
2025-03-23 09:20:01,823 - WARNING - Not Found: /ws/notificaciones/
2025-03-23 09:20:06,838 - WARNING - Not Found: /ws/notificaciones/
2025-03-23 09:20:11,861 - WARNING - Not Found: /ws/notificaciones/
2025-03-23 09:20:16,891 - WARNING - Not Found: /ws/notificaciones/
2025-03-23 09:20:21,932 - WARNING - Not Found: /ws/notificaciones/
2025-03-23 09:20:26,991 - WARNING - Not Found: /ws/notificaciones/
2025-03-23 09:20:32,119 - WARNING - Not Found: /ws/notificaciones/
2025-03-23 09:20:37,252 - WARNING - Not Found: /ws/notificaciones/
2025-03-23 09:20:42,789 - WARNING - Not Found: /ws/notificaciones/
2025-03-23 09:20:48,957 - WARNING - Not Found: /ws/notificaciones/
2025-03-23 09:20:55,296 - WARNING - Not Found: /ws/notificaciones/
2025-03-23 09:21:01,472 - WARNING - Not Found: /ws/notificaciones/
2025-03-23 09:21:09,905 - WARNING - Not Found: /ws/notificaciones/
2025-03-23 09:21:18,879 - WARNING - Not Found: /ws/notificaciones/
2025-03-23 09:21:26,052 - WARNING - Not Found: /ws/notificaciones/
2025-03-23 09:21:33,177 - WARNING - Not Found: /ws/notificaciones/
2025-03-23 09:21:38,191 - WARNING - Not Found: /ws/notificaciones/
2025-03-23 09:21:43,206 - WARNING - Not Found: /ws/notificaciones/
2025-03-23 09:21:48,220 - WARNING - Not Found: /ws/notificaciones/
2025-03-23 09:21:53,235 - WARNING - Not Found: /ws/notificaciones/
2025-03-23 09:21:58,248 - WARNING - Not Found: /ws/notificaciones/
2025-03-23 09:22:03,267 - WARNING - Not Found: /ws/notificaciones/
2025-03-23 09:22:08,285 - WARNING - Not Found: /ws/notificaciones/
2025-03-23 09:22:13,303 - WARNING - Not Found: /ws/notificaciones/
2025-03-23 09:22:18,334 - WARNING - Not Found: /ws/notificaciones/
2025-03-23 09:22:23,380 - WARNING - Not Found: /ws/notificaciones/
2025-03-23 09:22:28,428 - WARNING - Not Found: /ws/notificaciones/
2025-03-23 09:22:33,539 - WARNING - Not Found: /ws/notificaciones/
2025-03-23 09:22:38,656 - WARNING - Not Found: /ws/notificaciones/
2025-03-23 09:22:43,962 - WARNING - Not Found: /ws/notificaciones/
2025-03-23 09:22:49,319 - WARNING - Not Found: /ws/notificaciones/
2025-03-23 09:22:55,615 - WARNING - Not Found: /ws/notificaciones/
2025-03-23 09:23:05,147 - WARNING - Not Found: /ws/notificaciones/
2025-03-23 09:23:11,835 - WARNING - Not Found: /ws/notificaciones/
2025-03-23 09:23:21,038 - WARNING - Not Found: /ws/notificaciones/
2025-03-23 09:23:30,044 - WARNING - Not Found: /ws/notificaciones/
2025-03-23 09:23:39,778 - WARNING - Not Found: /ws/notificaciones/
2025-03-23 09:23:46,921 - WARNING - Not Found: /ws/notificaciones/
2025-03-23 09:23:56,609 - WARNING - Not Found: /ws/notificaciones/
2025-03-23 09:24:03,918 - WARNING - Not Found: /ws/notificaciones/
2025-03-23 09:24:11,154 - WARNING - Not Found: /ws/notificaciones/
2025-03-23 09:24:18,462 - WARNING - Not Found: /ws/notificaciones/
2025-03-23 09:24:26,498 - WARNING - Not Found: /ws/notificaciones/
2025-03-23 09:24:35,391 - WARNING - Not Found: /ws/notificaciones/
2025-03-23 09:24:43,170 - WARNING - Not Found: /ws/notificaciones/
2025-03-23 09:24:50,884 - WARNING - Not Found: /ws/notificaciones/
2025-03-23 09:24:59,959 - WARNING - Not Found: /ws/notificaciones/
2025-03-23 09:25:07,889 - WARNING - Not Found: /ws/notificaciones/
2025-03-23 09:25:14,014 - WARNING - Not Found: /ws/notificaciones/
2025-03-23 09:25:22,622 - WARNING - Not Found: /ws/notificaciones/
2025-03-23 09:25:32,218 - WARNING - Not Found: /ws/notificaciones/
2025-03-23 09:25:38,825 - WARNING - Not Found: /ws/notificaciones/
2025-03-23 09:25:47,274 - WARNING - Not Found: /ws/notificaciones/
