2025-04-30 17:09:48,378 [INFO] Django configurado correctamente
2025-04-30 17:09:48,379 [INFO] Modelos importados correctamente
2025-04-30 17:09:48,379 [INFO] Verificando conexión a la base de datos...
2025-04-30 17:09:55,520 [INFO] Conexión a la base de datos exitosa
2025-04-30 17:09:55,644 [INFO] Iniciando recálculo de totales para 12 facturas
2025-04-30 17:09:55,721 [INFO] Procesando factura 1/12: F20250430-6888
2025-04-30 17:09:55,955 [INFO] Factura F20250430-6888 sin cambios significativos en los totales
2025-04-30 17:09:55,956 [INFO] Procesando factura 2/12: F20250430-9473
2025-04-30 17:09:56,186 [INFO] Factura F20250430-9473 sin cambios significativos en los totales
2025-04-30 17:09:56,187 [INFO] Procesando factura 3/12: F20250430-4938
2025-04-30 17:09:56,375 [INFO] Factura F20250430-4938 sin cambios significativos en los totales
2025-04-30 17:09:56,376 [INFO] Procesando factura 4/12: F20250430-3015
2025-04-30 17:09:56,623 [INFO] Factura F20250430-3015 actualizada:
2025-04-30 17:09:56,667 [INFO] Procesando factura 5/12: F20250430-4772
2025-04-30 17:09:56,862 [INFO] Factura F20250430-4772 actualizada:
2025-04-30 17:09:56,867 [INFO] Procesando factura 6/12: F20250430-4420
2025-04-30 17:09:57,065 [INFO] Factura F20250430-4420 actualizada:
2025-04-30 17:09:57,070 [INFO] Procesando factura 7/12: F20250430-3531
2025-04-30 17:09:57,276 [INFO] Factura F20250430-3531 actualizada:
2025-04-30 17:09:57,282 [INFO] Procesando factura 8/12: F20250430-5291
2025-04-30 17:09:57,480 [INFO] Factura F20250430-5291 actualizada:
2025-04-30 17:09:57,487 [INFO] Procesando factura 9/12: F20250430-5565
2025-04-30 17:09:57,727 [INFO] Factura F20250430-5565 actualizada:
2025-04-30 17:09:57,732 [INFO] Procesando factura 10/12: F20250427-4350
2025-04-30 17:09:57,978 [INFO] Factura F20250427-4350 sin cambios significativos en los totales
2025-04-30 17:09:57,978 [INFO] Procesando factura 11/12: F20250427-2340
2025-04-30 17:09:58,232 [INFO] Factura F20250427-2340 actualizada:
2025-04-30 17:09:58,237 [INFO] Procesando factura 12/12: F20250427-1196
2025-04-30 17:09:58,517 [INFO] Factura F20250427-1196 actualizada:
2025-04-30 17:09:58,522 [INFO] === RESUMEN DE LA MIGRACIÓN ===
2025-04-30 17:09:58,523 [INFO] Total de facturas procesadas: 12
2025-04-30 17:09:58,523 [INFO] Facturas actualizadas: 8
2025-04-30 17:09:58,523 [INFO] Facturas sin cambios: 4
2025-04-30 17:09:58,524 [INFO] Errores: 0
